
> cfp-sedhiou-frontend@1.0.0 build
> next build

  Ôû¦ Next.js 14.2.5
  - Environments: .env.local

   Creating an optimized production build ...
 Ô£ô Compiled successfully
   Linting and checking validity of types ...
   Collecting page data ...
System.Management.Automation.RemoteException
> Build error occurred
Error: ENOENT: no such file or directory, open 'C:\Users\MACHINE 2\Desktop\CFP_SEDHIOU\frontend\.next\server\pages-manifest.json'
    at async open (node:internal/fs/promises:633:25)
    at async Object.readFile (node:internal/fs/promises:1237:14)
    at async readManifest (C:\Users\MACHINE 2\Desktop\CFP_SEDHIOU\frontend\node_modules\next\dist\build\index.js:164:23)
    at async C:\Users\MACHINE 2\Desktop\CFP_SEDHIOU\frontend\node_modules\next\dist\build\index.js:1040:35
    at async Span.traceAsyncFn (C:\Users\MACHINE 2\Desktop\CFP_SEDHIOU\frontend\node_modules\next\dist\trace\trace.js:154:20)
    at async build (C:\Users\MACHINE 2\Desktop\CFP_SEDHIOU\frontend\node_modules\next\dist\build\index.js:366:9) {
  errno: -4058,
  code: 'ENOENT',
  syscall: 'open',
  path: 'C:\\Users\\MACHINE 2\\Desktop\\CFP_SEDHIOU\\frontend\\.next\\server\\pages-manifest.json'
}
